â€‰WARNâ€‰ Unsupported engine: wanted: {"node":"22.x"} (current: {"node":"v24.14.0","pnpm":"9.15.9"})

> vio-app@0.0.5 build F:\COMPARTIDA\PROGRAMA VIO SOFTWARE\vio-app
> next build

   â–² Next.js 15.5.9
   - Environments: .env

   Creating an optimized production build ...
 âœ“ Compiled successfully in 2.7min
   Skipping linting
   Checking validity of types ...
   Collecting page data ...
   Generating static pages (0/170) ...
   Generating static pages (42/170) 
   Generating static pages (84/170) 
   Generating static pages (127/170) 
 âœ“ Generating static pages (170/170)
   Finalizing page optimization ...
   Collecting build traces ...

Route (app)                                                                 Size  First Load JS
â”Œ â—‹ /                                                                    1.02 kB         104 kB
â”œ â—‹ /_not-found                                                          1.02 kB         104 kB
â”œ â— /[locale]                                                              188 B         312 kB
â”œ   â”œ /es
â”œ   â”” /en
â”œ Æ’ /api/account/options                                                 1.02 kB         104 kB
â”œ Æ’ /api/account/options/password                                        1.02 kB         104 kB
â”œ Æ’ /api/additions                                                       1.02 kB         104 kB
â”œ Æ’ /api/additions/[id]                                                  1.02 kB         104 kB
â”œ Æ’ /api/admin/users                                                     1.02 kB         104 kB
â”œ Æ’ /api/admin/users/[id]/detail                                         1.02 kB         104 kB
â”œ Æ’ /api/admin/users/verify-email                                        1.02 kB         104 kB
â”œ Æ’ /api/auth/logout                                                     1.02 kB         104 kB
â”œ Æ’ /api/auth/me                                                         1.02 kB         104 kB
â”œ Æ’ /api/auth/permissions                                                1.02 kB         104 kB
â”œ Æ’ /api/auth/role-override                                              1.02 kB         104 kB
â”œ Æ’ /api/banks                                                           1.02 kB         104 kB
â”œ Æ’ /api/banks/[id]/history                                              1.02 kB         104 kB
â”œ Æ’ /api/categories                                                      1.02 kB         104 kB
â”œ Æ’ /api/clients                                                         1.02 kB         104 kB
â”œ Æ’ /api/clients/[id]/legal-status                                       1.02 kB         104 kB
â”œ Æ’ /api/clients/[id]/legal-status-history                               1.02 kB         104 kB
â”œ Æ’ /api/clients/[id]/legal-status/check                                 1.02 kB         104 kB
â”œ Æ’ /api/clients/export                                                  1.02 kB         104 kB
â”œ Æ’ /api/clients/import                                                  1.02 kB         104 kB
â”œ Æ’ /api/clients/import/template                                         1.02 kB         104 kB
â”œ Æ’ /api/confectionists                                                  1.02 kB         104 kB
â”œ Æ’ /api/confectionists/[id]/legal-status                                1.02 kB         104 kB
â”œ Æ’ /api/confectionists/[id]/legal-status-history                        1.02 kB         104 kB
â”œ Æ’ /api/confectionists/[id]/legal-status/check                          1.02 kB         104 kB
â”œ Æ’ /api/confectionists/export                                           1.02 kB         104 kB
â”œ Æ’ /api/confectionists/import                                           1.02 kB         104 kB
â”œ Æ’ /api/confectionists/import/template                                  1.02 kB         104 kB
â”œ Æ’ /api/confectionists/payment-requests                                 1.02 kB         104 kB
â”œ Æ’ /api/confectionists/payment-requests/[id]/approve                    1.02 kB         104 kB
â”œ Æ’ /api/confectionists/payment-requests/[id]/pay                        1.02 kB         104 kB
â”œ Æ’ /api/confectionists/payment-requests/[id]/verify                     1.02 kB         104 kB
â”œ Æ’ /api/confectionists/rates                                            1.02 kB         104 kB
â”œ Æ’ /api/contabilidad/caja-menor                                         1.02 kB         104 kB
â”œ Æ’ /api/contabilidad/caja-menor/funds                                   1.02 kB         104 kB
â”œ Æ’ /api/contabilidad/cartera                                            1.02 kB         104 kB
â”œ Æ’ /api/contabilidad/comisiones                                         1.02 kB         104 kB
â”œ Æ’ /api/contabilidad/comisiones/[id]                                    1.02 kB         104 kB
â”œ Æ’ /api/contabilidad/conciliaciones-bancarias                           1.02 kB         104 kB
â”œ Æ’ /api/contabilidad/conciliaciones-bancarias/[id]/close                1.02 kB         104 kB
â”œ Æ’ /api/contabilidad/consignaciones                                     1.02 kB         104 kB
â”œ Æ’ /api/contabilidad/consignaciones/[id]/status                         1.02 kB         104 kB
â”œ Æ’ /api/contabilidad/estado-resultados                                  1.02 kB         104 kB
â”œ Æ’ /api/contabilidad/factoring                                          1.02 kB         104 kB
â”œ Æ’ /api/contabilidad/factoring/[id]/status                              1.02 kB         104 kB
â”œ Æ’ /api/contabilidad/formato-pruebas                                    1.02 kB         104 kB
â”œ Æ’ /api/contabilidad/periodos                                           1.02 kB         104 kB
â”œ Æ’ /api/contabilidad/periodos/[period]/close                            1.02 kB         104 kB
â”œ Æ’ /api/contabilidad/recibos-caja                                       1.02 kB         104 kB
â”œ Æ’ /api/contabilidad/recibos-caja/[id]/status                           1.02 kB         104 kB
â”œ Æ’ /api/contabilidad/recibos-caja/options                               1.02 kB         104 kB
â”œ Æ’ /api/contabilidad/retenciones                                        1.02 kB         104 kB
â”œ Æ’ /api/dashboard/confectionist-load                                    1.02 kB         104 kB
â”œ Æ’ /api/dashboard/operario-items                                        1.02 kB         104 kB
â”œ Æ’ /api/dashboard/operative-logs                                        1.02 kB         104 kB
â”œ Æ’ /api/dashboard/operative-logs/[id]                                   1.02 kB         104 kB
â”œ Æ’ /api/documents/download                                              1.02 kB         104 kB
â”œ Æ’ /api/documents/upload                                                1.02 kB         104 kB
â”œ Æ’ /api/employees                                                       1.02 kB         104 kB
â”œ Æ’ /api/employees/[id]/detail                                           1.02 kB         104 kB
â”œ Æ’ /api/employees/[id]/legal-status                                     1.02 kB         104 kB
â”œ Æ’ /api/employees/[id]/legal-status-history                             1.02 kB         104 kB
â”œ Æ’ /api/employees/[id]/legal-status/check                               1.02 kB         104 kB
â”œ Æ’ /api/employees/export                                                1.02 kB         104 kB
â”œ Æ’ /api/employees/import                                                1.02 kB         104 kB
â”œ Æ’ /api/employees/import/template                                       1.02 kB         104 kB
â”œ Æ’ /api/exchange-rate/current                                           1.02 kB         104 kB
â”œ Æ’ /api/exchange-rate/update                                            1.02 kB         104 kB
â”œ Æ’ /api/exports/mes/matriz-despacho                                     1.02 kB         104 kB
â”œ Æ’ /api/exports/mes/seguimiento-produccion                              1.02 kB         104 kB
â”œ Æ’ /api/exports/orders/[id]/excel                                       1.02 kB         104 kB
â”œ Æ’ /api/exports/orders/[id]/prefactura-excel                            1.02 kB         104 kB
â”œ Æ’ /api/exports/orders/[id]/prefactura-pdf                              1.02 kB         104 kB
â”œ Æ’ /api/exports/purchase-orders/[id]/pdf                                1.02 kB         104 kB
â”œ Æ’ /api/exports/quotations/[id]/excel                                   1.02 kB         104 kB
â”œ Æ’ /api/exports/quotations/[id]/pdf                                     1.02 kB         104 kB
â”œ Æ’ /api/exports/reports/accounting-macro                                1.02 kB         104 kB
â”œ Æ’ /api/exports/reports/inventory                                       1.02 kB         104 kB
â”œ Æ’ /api/exports/reports/orders-month                                    1.02 kB         104 kB
â”œ Æ’ /api/exports/reports/sales-month                                     1.02 kB         104 kB
â”œ Æ’ /api/external-auth/logout                                            1.02 kB         104 kB
â”œ Æ’ /api/external-auth/me                                                1.02 kB         104 kB
â”œ Æ’ /api/external-auth/request-token                                     1.02 kB         104 kB
â”œ Æ’ /api/external-auth/verify-token                                      1.02 kB         104 kB
â”œ Æ’ /api/external/orders                                                 1.02 kB         104 kB
â”œ Æ’ /api/external/orders/[orderCode]                                     1.02 kB         104 kB
â”œ Æ’ /api/hcm/certifications                                              1.02 kB         104 kB
â”œ Æ’ /api/hcm/mis-peticiones                                              1.02 kB         104 kB
â”œ Æ’ /api/hcm/mis-solicitudes                                             1.02 kB         104 kB
â”œ Æ’ /api/hcm/permisos-ausencias                                          1.02 kB         104 kB
â”œ Æ’ /api/hcm/permisos-ausencias/[id]                                     1.02 kB         104 kB
â”œ Æ’ /api/hcm/pila                                                        1.02 kB         104 kB
â”œ Æ’ /api/hcm/provisiones-nomina                                          1.02 kB         104 kB
â”œ Æ’ /api/hcm/provisiones-nomina/[id]                                     1.02 kB         104 kB
â”œ Æ’ /api/hcm/provisiones-nomina/employees                                1.02 kB         104 kB
â”œ Æ’ /api/hcm/work-schedules                                              1.02 kB         104 kB
â”œ Æ’ /api/hr/mis-peticiones                                               1.02 kB         104 kB
â”œ Æ’ /api/hr/mis-solicitudes                                              1.02 kB         104 kB
â”œ Æ’ /api/hr/permisos-ausencias                                           1.02 kB         104 kB
â”œ Æ’ /api/hr/permisos-ausencias/[id]                                      1.02 kB         104 kB
â”œ Æ’ /api/hr/peticiones                                                   1.02 kB         104 kB
â”œ Æ’ /api/hr/peticiones/[id]                                              1.02 kB         104 kB
â”œ Æ’ /api/hr/pila                                                         1.02 kB         104 kB
â”œ Æ’ /api/hr/provisiones-nomina                                           1.02 kB         104 kB
â”œ Æ’ /api/hr/provisiones-nomina/[id]                                      1.02 kB         104 kB
â”œ Æ’ /api/hr/provisiones-nomina/employees                                 1.02 kB         104 kB
â”œ Æ’ /api/hr/work-schedules                                               1.02 kB         104 kB
â”œ Æ’ /api/inventory-entries                                               1.02 kB         104 kB
â”œ Æ’ /api/inventory-item-variants                                         1.02 kB         104 kB
â”œ Æ’ /api/inventory-items                                                 1.02 kB         104 kB
â”œ Æ’ /api/inventory-low-stock                                             1.02 kB         104 kB
â”œ Æ’ /api/inventory-outputs                                               1.02 kB         104 kB
â”œ Æ’ /api/inventory-outputs/order-items-options                           1.02 kB         104 kB
â”œ Æ’ /api/inventory-stock                                                 1.02 kB         104 kB
â”œ Æ’ /api/mes/client-legal-status                                         1.02 kB         104 kB
â”œ Æ’ /api/mes/client-legal-status/[clientId]                              1.02 kB         104 kB
â”œ Æ’ /api/mes/designs/[orderItemId]                                       1.02 kB         104 kB
â”œ Æ’ /api/mes/envios                                                      1.02 kB         104 kB
â”œ Æ’ /api/mes/envios/[id]                                                 1.02 kB         104 kB
â”œ Æ’ /api/mes/envios/[id]/salida                                          1.02 kB         104 kB
â”œ Æ’ /api/mes/item-tags                                                   1.02 kB         104 kB
â”œ Æ’ /api/mes/production-queue                                            1.02 kB         104 kB
â”œ Æ’ /api/mes/production-queue/[id]                                       1.02 kB         104 kB
â”œ Æ’ /api/mes/production-queue/confirm                                    1.02 kB         104 kB
â”œ Æ’ /api/mes/production-stages                                           1.02 kB         104 kB
â”œ Æ’ /api/mes/production-stages/[id]                                      1.02 kB         104 kB
â”œ Æ’ /api/mes/reposiciones                                                1.02 kB         104 kB
â”œ Æ’ /api/mes/reposiciones/[id]                                           1.02 kB         104 kB
â”œ Æ’ /api/mes/sample-approvals                                            1.02 kB         104 kB
â”œ Æ’ /api/molding/order-items/[orderItemId]/moldings                      1.02 kB         104 kB
â”œ Æ’ /api/molding/order-items/[orderItemId]/moldings/[moldingId]/insumos  1.02 kB         104 kB
â”œ Æ’ /api/molding/purchase-hints                                          1.02 kB         104 kB
â”œ Æ’ /api/molding/purchase-needs                                          1.02 kB         104 kB
â”œ Æ’ /api/molding/templates                                               1.02 kB         104 kB
â”œ Æ’ /api/molding/templates/[id]                                          1.02 kB         104 kB
â”œ Æ’ /api/molding/templates/[id]/insumos                                  1.02 kB         104 kB
â”œ Æ’ /api/molding/templates/[id]/insumos/[insumoId]                       1.02 kB         104 kB
â”œ Æ’ /api/notifications                                                   1.02 kB         104 kB
â”œ Æ’ /api/notifications/[id]                                              1.02 kB         104 kB
â”œ Æ’ /api/order-items/options                                             1.02 kB         104 kB
â”œ Æ’ /api/orders                                                          1.02 kB         104 kB
â”œ Æ’ /api/orders/[id]                                                     1.02 kB         104 kB
â”œ Æ’ /api/orders/[id]/aval                                                1.02 kB         104 kB
â”œ Æ’ /api/orders/[id]/commercial-approval                                 1.02 kB         104 kB
â”œ Æ’ /api/orders/[id]/payments                                            1.02 kB         104 kB
â”œ Æ’ /api/orders/[id]/payments/[paymentId]                                1.02 kB         104 kB
â”œ Æ’ /api/orders/[id]/prefactura                                          1.02 kB         104 kB
â”œ Æ’ /api/orders/[id]/request-scheduling                                  1.02 kB         104 kB
â”œ Æ’ /api/orders/items                                                    1.02 kB         104 kB
â”œ Æ’ /api/orders/items/[id]                                               1.02 kB         104 kB
â”œ Æ’ /api/orders/items/[id]/confection                                    1.02 kB         104 kB
â”œ Æ’ /api/orders/items/[id]/issues                                        1.02 kB         104 kB
â”œ Æ’ /api/orders/options                                                  1.02 kB         104 kB
â”œ Æ’ /api/packers                                                         1.02 kB         104 kB
â”œ Æ’ /api/packers/[id]/legal-status                                       1.02 kB         104 kB
â”œ Æ’ /api/packers/[id]/legal-status-history                               1.02 kB         104 kB
â”œ Æ’ /api/packers/[id]/legal-status/check                                 1.02 kB         104 kB
â”œ Æ’ /api/packers/export                                                  1.02 kB         104 kB
â”œ Æ’ /api/packers/import                                                  1.02 kB         104 kB
â”œ Æ’ /api/packers/import/template                                         1.02 kB         104 kB
â”œ Æ’ /api/packers/payment-requests                                        1.02 kB         104 kB
â”œ Æ’ /api/packers/payment-requests/[id]/approve                           1.02 kB         104 kB
â”œ Æ’ /api/packers/payment-requests/[id]/pay                               1.02 kB         104 kB
â”œ Æ’ /api/packers/payment-requests/[id]/verify                            1.02 kB         104 kB
â”œ Æ’ /api/packers/rates                                                   1.02 kB         104 kB
â”œ Æ’ /api/pagos/client-orders                                             1.02 kB         104 kB
â”œ Æ’ /api/pagos/clients                                                   1.02 kB         104 kB
â”œ Æ’ /api/pagos/orders                                                    1.02 kB         104 kB
â”œ Æ’ /api/payments/distributed                                            1.02 kB         104 kB
â”œ Æ’ /api/permissions                                                     1.02 kB         104 kB
â”œ Æ’ /api/prefacturas                                                     1.02 kB         104 kB
â”œ Æ’ /api/prefacturas/[id]                                                1.02 kB         104 kB
â”œ Æ’ /api/prefacturas/[id]/approve-advance                                1.02 kB         104 kB
â”œ Æ’ /api/prefacturas/[id]/siigo/official-invoice-pdf                     1.02 kB         104 kB
â”œ Æ’ /api/prefacturas/[id]/siigo/poll                                     1.02 kB         104 kB
â”œ Æ’ /api/prefacturas/[id]/siigo/reset                                    1.02 kB         104 kB
â”œ Æ’ /api/prefacturas/[id]/siigo/send                                     1.02 kB         104 kB
â”œ Æ’ /api/prefacturas/siigo/poll                                          1.02 kB         104 kB
â”œ Æ’ /api/product-prices                                                  1.02 kB         104 kB
â”œ Æ’ /api/products                                                        1.02 kB         104 kB
â”œ Æ’ /api/products/[id]                                                   1.02 kB         104 kB
â”œ Æ’ /api/products/[id]/valid-prices                                      1.02 kB         104 kB
â”œ Æ’ /api/products/export                                                 1.02 kB         104 kB
â”œ Æ’ /api/products/import                                                 1.02 kB         104 kB
â”œ Æ’ /api/products/import/template                                        1.02 kB         104 kB
â”œ Æ’ /api/programacion/items                                              1.02 kB         104 kB
â”œ Æ’ /api/purchase-orders                                                 1.02 kB         104 kB
â”œ Æ’ /api/purchase-orders/[id]                                            1.02 kB         104 kB
â”œ Æ’ /api/purchase-orders/[id]/edit                                       1.02 kB         104 kB
â”œ Æ’ /api/purchase-orders/[id]/history                                    1.02 kB         104 kB
â”œ Æ’ /api/purchase-orders/[id]/receipts                                   1.02 kB         104 kB
â”œ Æ’ /api/purchase-orders/[id]/routes                                     1.02 kB         104 kB
â”œ Æ’ /api/purchase-orders/options                                         1.02 kB         104 kB
â”œ Æ’ /api/purchase-requirements                                           1.02 kB         104 kB
â”œ Æ’ /api/purchase-requirements/[id]                                      1.02 kB         104 kB
â”œ Æ’ /api/purchases/design-hints                                          1.02 kB         104 kB
â”œ Æ’ /api/quotations                                                      1.02 kB         104 kB
â”œ Æ’ /api/quotations/[id]                                                 1.02 kB         104 kB
â”œ Æ’ /api/quotations/[id]/prefactura                                      1.02 kB         104 kB
â”œ Æ’ /api/quotations/options                                              1.02 kB         104 kB
â”œ Æ’ /api/quotations/references                                           1.02 kB         104 kB
â”œ Æ’ /api/registry/identification-check                                   1.02 kB         104 kB
â”œ Æ’ /api/reports/charts/admin                                            1.02 kB         104 kB
â”œ Æ’ /api/reports/charts/advisor                                          1.02 kB         104 kB
â”œ Æ’ /api/role-permissions                                                1.02 kB         104 kB
â”œ Æ’ /api/roles                                                           1.02 kB         104 kB
â”œ Æ’ /api/shipments                                                       1.02 kB         104 kB
â”œ Æ’ /api/shipments/recipients                                            1.02 kB         104 kB
â”œ Æ’ /api/siigo/auth                                                      1.02 kB         104 kB
â”œ Æ’ /api/siigo/customers                                                 1.02 kB         104 kB
â”œ Æ’ /api/siigo/import-products                                           1.02 kB         104 kB
â”œ Æ’ /api/siigo/products                                                  1.02 kB         104 kB
â”œ Æ’ /api/siigo/products/[code]/sync                                      1.02 kB         104 kB
â”œ Æ’ /api/siigo/sync-customers                                            1.02 kB         104 kB
â”œ Æ’ /api/siigo/sync-jobs                                                 1.02 kB         104 kB
â”œ Æ’ /api/siigo/sync-jobs/[id]/retry                                      1.02 kB         104 kB
â”œ Æ’ /api/status-history/order-items                                      1.02 kB         104 kB
â”œ Æ’ /api/status-history/orders                                           1.02 kB         104 kB
â”œ Æ’ /api/supplier-invoices                                               1.02 kB         104 kB
â”œ Æ’ /api/supplier-invoices/[id]/approve                                  1.02 kB         104 kB
â”œ Æ’ /api/supplier-invoices/[id]/post-accounting                          1.02 kB         104 kB
â”œ Æ’ /api/supplier-invoices/[id]/verify                                   1.02 kB         104 kB
â”œ Æ’ /api/supplier-payments                                               1.02 kB         104 kB
â”œ Æ’ /api/suppliers                                                       1.02 kB         104 kB
â”œ Æ’ /api/suppliers/[id]/legal-status                                     1.02 kB         104 kB
â”œ Æ’ /api/suppliers/[id]/legal-status-history                             1.02 kB         104 kB
â”œ Æ’ /api/suppliers/[id]/legal-status/check                               1.02 kB         104 kB
â”œ Æ’ /api/suppliers/export                                                1.02 kB         104 kB
â”œ Æ’ /api/suppliers/import                                                1.02 kB         104 kB
â”œ Æ’ /api/suppliers/import/template                                       1.02 kB         104 kB
â”œ Æ’ /api/tax-zone-rates                                                  1.02 kB         104 kB
â”œ Æ’ /api/tax-zone-rates/[taxZone]                                        1.02 kB         104 kB
â”œ Æ’ /api/third-party-accounts                                            1.02 kB         104 kB
â”œ Æ’ /api/uploads/cloudinary-signature                                    1.02 kB         104 kB
â”œ Æ’ /api/users                                                           1.02 kB         104 kB
â”œ Æ’ /api/users/verify-email                                              1.02 kB         104 kB
â”œ Æ’ /api/warehouse-transfers                                             1.02 kB         104 kB
â”œ Æ’ /api/warehouses                                                      1.02 kB         104 kB
â”œ Æ’ /api/warehouses/[id]/details                                         1.02 kB         104 kB
â”œ Æ’ /api/whatsapp                                                        1.02 kB         104 kB
â”œ Æ’ /api/whatsapp/send                                                   1.02 kB         104 kB
â”œ â—‹ /contabilidad-modulo/cartera                                         1.02 kB         104 kB
â”œ â—‹ /contabilidad-modulo/conciliacion-bancaria                           1.02 kB         104 kB
â”œ â—‹ /contabilidad-modulo/factoring                                       1.02 kB         104 kB
â”œ â—‹ /contabilidad-modulo/recibo-caja                                     1.02 kB         104 kB
â”œ â—‹ /contabilidad-modulo/retenciones                                     1.02 kB         104 kB
â”œ Æ’ /crm                                                                 7.03 kB         503 kB
â”œ Æ’ /erp                                                                 1.02 kB         104 kB
â”œ Æ’ /erp/abonos                                                          1.02 kB         104 kB
â”œ Æ’ /erp/accounting-module                                               1.02 kB         104 kB
â”œ Æ’ /erp/accounting-module/accounts-receivable                           1.02 kB         104 kB
â”œ Æ’ /erp/accounting-module/bank-reconciliation                           1.02 kB         104 kB
â”œ Æ’ /erp/accounting-module/bank-statements                               1.02 kB         104 kB
â”œ Æ’ /erp/accounting-module/banks                                         1.02 kB         104 kB
â”œ Æ’ /erp/accounting-module/cash-receipt                                  1.02 kB         104 kB
â”œ Æ’ /erp/accounting-module/delivery-notes                                1.02 kB         104 kB
â”œ Æ’ /erp/accounting-module/deposits                                      1.02 kB         104 kB
â”œ Æ’ /erp/accounting-module/factoring                                     1.02 kB         104 kB
â”œ Æ’ /erp/accounting-module/income-statement                              1.02 kB         104 kB
â”œ Æ’ /erp/accounting-module/invoices                                      1.02 kB         104 kB
â”œ Æ’ /erp/accounting-module/petty-cash                                    1.02 kB         104 kB
â”œ Æ’ /erp/accounting-module/pre-invoices                                  1.02 kB         104 kB
â”œ Æ’ /erp/accounting-module/withholdings                                  1.02 kB         104 kB
â”œ Æ’ /erp/admin                                                           7.71 kB         461 kB
â”œ Æ’ /erp/aprobacion-inicial                                                190 B         340 kB
â”œ Æ’ /erp/aprobacion-inicial/actualizacion                                  190 B         340 kB
â”œ Æ’ /erp/aprobacion-inicial/actualizacion/bodega                           190 B         340 kB
â”œ Æ’ /erp/aprobacion-inicial/actualizacion/compras                          190 B         340 kB
â”œ Æ’ /erp/aprobacion-inicial/bodega                                         190 B         340 kB
â”œ Æ’ /erp/aprobacion-inicial/compras                                        189 B         340 kB
â”œ Æ’ /erp/catalog                                                         12.7 kB         417 kB
â”œ Æ’ /erp/clients                                                         7.08 kB         436 kB
â”œ Æ’ /erp/comercial                                                       1.02 kB         104 kB
â”œ Æ’ /erp/comercial/catalogo                                              1.02 kB         104 kB
â”œ Æ’ /erp/comercial/garantias/externa                                     1.02 kB         104 kB
â”œ Æ’ /erp/comercial/garantias/interna                                     1.02 kB         104 kB
â”œ Æ’ /erp/comercial/historial-produccion                                  1.02 kB         104 kB
â”œ Æ’ /erp/comercial/pagos                                                 1.02 kB         104 kB
â”œ Æ’ /erp/comercial/pedidos                                               1.02 kB         104 kB
â”œ Æ’ /erp/comercial/prefacturas                                           1.02 kB         104 kB
â”œ Æ’ /erp/comercial/visualizar                                            1.02 kB         104 kB
â”œ Æ’ /erp/compras                                                         1.02 kB         104 kB
â”œ Æ’ /erp/compras/bodega                                                  15.2 kB         414 kB
â”œ Æ’ /erp/compras/bodega/[id]                                             7.46 kB         332 kB
â”œ Æ’ /erp/compras/conductor                                               1.02 kB         104 kB
â”œ Æ’ /erp/compras/despacho                                                1.02 kB         104 kB
â”œ Æ’ /erp/compras/empaque                                                 1.02 kB         104 kB
â”œ Æ’ /erp/compras/envios                                                  1.02 kB         104 kB
â”œ Æ’ /erp/compras/historial                                               1.02 kB         104 kB
â”œ Æ’ /erp/compras/inventario/aseo                                         1.02 kB         104 kB
â”œ Æ’ /erp/compras/inventario/conductor                                    1.02 kB         104 kB
â”œ Æ’ /erp/compras/inventario/confecciones                                 1.02 kB         104 kB
â”œ Æ’ /erp/compras/inventario/despacho                                     1.02 kB         104 kB
â”œ Æ’ /erp/compras/inventario/empaque                                      1.02 kB         104 kB
â”œ Æ’ /erp/compras/inventario/insumos                                      1.02 kB         104 kB
â”œ Æ’ /erp/compras/inventario/mensajeros                                   1.02 kB         104 kB
â”œ Æ’ /erp/compras/inventario/papeleria                                    1.02 kB         104 kB
â”œ Æ’ /erp/compras/inventario/repuestos                                    1.02 kB         104 kB
â”œ Æ’ /erp/compras/mensajeros                                              1.02 kB         104 kB
â”œ Æ’ /erp/confectionists                                                    778 B         431 kB
â”œ Æ’ /erp/contabilidad                                                    1.02 kB         104 kB
â”œ Æ’ /erp/contabilidad-modulo                                             1.95 kB         465 kB
â”œ Æ’ /erp/contabilidad-modulo/bancos-salidas-entregas                     1.02 kB         104 kB
â”œ Æ’ /erp/contabilidad-modulo/caja-menor                                    12 kB         497 kB
â”œ Æ’ /erp/contabilidad-modulo/cartera                                     6.06 kB         488 kB
â”œ Æ’ /erp/contabilidad-modulo/conciliacion-bancaria                       5.22 kB         335 kB
â”œ Æ’ /erp/contabilidad-modulo/consignaciones                              1.02 kB         104 kB
â”œ Æ’ /erp/contabilidad-modulo/estado-resultados                           6.25 kB         570 kB
â”œ Æ’ /erp/contabilidad-modulo/extractos-bancarios                         1.02 kB         104 kB
â”œ Æ’ /erp/contabilidad-modulo/factoring                                   7.27 kB         345 kB
â”œ Æ’ /erp/contabilidad-modulo/facturas                                      196 B         368 kB
â”œ Æ’ /erp/contabilidad-modulo/prefacturas                                 1.02 kB         104 kB
â”œ Æ’ /erp/contabilidad-modulo/recibo-caja                                 7.22 kB         334 kB
â”œ Æ’ /erp/contabilidad-modulo/remisiones                                    196 B         368 kB
â”œ Æ’ /erp/contabilidad-modulo/retenciones                                 5.94 kB         474 kB
â”œ Æ’ /erp/contabilidad/siigo-jobs                                         3.19 kB         248 kB
â”œ Æ’ /erp/costs                                                           1.02 kB         104 kB
â”œ Æ’ /erp/costs/presupuestos                                              1.02 kB         104 kB
â”œ Æ’ /erp/dashboard                                                       1.72 kB         378 kB
â”œ Æ’ /erp/dashboard/admin                                                 7.68 kB         450 kB
â”œ Æ’ /erp/dashboard/comisiones                                            1.02 kB         104 kB
â”œ Æ’ /erp/dashboard/estados-resultados                                    1.02 kB         104 kB
â”œ Æ’ /erp/dashboard/role/[role]                                           11.2 kB         490 kB
â”œ Æ’ /erp/dashboard/sla                                                   1.02 kB         104 kB
â”œ Æ’ /erp/depositos                                                       8.18 kB         392 kB
â”œ Æ’ /erp/employee-register                                                 771 B         321 kB
â”œ Æ’ /erp/en-construccion                                                 1.02 kB         104 kB
â”œ Æ’ /erp/envios                                                          4.89 kB         354 kB
â”œ Æ’ /erp/hcm                                                             1.02 kB         104 kB
â”œ Æ’ /erp/hcm/[...slug]                                                   1.02 kB         104 kB
â”œ Æ’ /erp/hr                                                              6.62 kB         348 kB
â”œ Æ’ /erp/hr/[...slug]                                                    1.02 kB         104 kB
â”œ Æ’ /erp/inventory                                                       1.02 kB         104 kB
â”œ Æ’ /erp/legal                                                             846 B         474 kB
â”œ Æ’ /erp/legal/documentos-clientes                                       1.02 kB         104 kB
â”œ Æ’ /erp/legal/documentos-empleados                                      1.02 kB         104 kB
â”œ Æ’ /erp/legal/documentos-terceros                                       1.02 kB         104 kB
â”œ Æ’ /erp/login                                                           1.02 kB         104 kB
â”œ Æ’ /erp/maestros                                                        1.02 kB         104 kB
â”œ Æ’ /erp/maestros/bancos                                                  5.6 kB         340 kB
â”œ Æ’ /erp/maestros/clientes                                               1.02 kB         104 kB
â”œ Æ’ /erp/maestros/productos                                              1.02 kB         104 kB
â”œ Æ’ /erp/maestros/proveedores                                            1.02 kB         104 kB
â”œ Æ’ /erp/molding                                                         20.7 kB         394 kB
â”œ Æ’ /erp/notifications                                                   2.35 kB         306 kB
â”œ Æ’ /erp/options                                                         5.84 kB         284 kB
â”œ Æ’ /erp/orders                                                          12.2 kB         380 kB
â”œ Æ’ /erp/orders/[id]/detail                                              2.98 kB         246 kB
â”œ Æ’ /erp/orders/[id]/items                                               5.08 kB         353 kB
â”œ Æ’ /erp/orders/[id]/items/[itemId]                                      7.53 kB         255 kB
â”œ Æ’ /erp/orders/[id]/items/[itemId]/edit                                 10.1 kB         451 kB
â”œ Æ’ /erp/orders/[id]/items/new                                           8.61 kB         450 kB
â”œ Æ’ /erp/orders/[id]/payments                                            1.02 kB         104 kB
â”œ Æ’ /erp/orders/[id]/prefactura                                          7.19 kB         341 kB
â”œ Æ’ /erp/packers                                                           251 B         430 kB
â”œ Æ’ /erp/pagos                                                           1.47 kB         104 kB
â”œ Æ’ /erp/patterns                                                        1.02 kB         104 kB
â”œ Æ’ /erp/patterns/tablero                                                1.02 kB         104 kB
â”œ Æ’ /erp/patterns/trazos-moldes                                          1.02 kB         104 kB
â”œ Æ’ /erp/permissions                                                     1.02 kB         104 kB
â”œ Æ’ /erp/pre-invoices                                                      196 B         368 kB
â”œ Æ’ /erp/pre-invoices/[id]/edit                                          13.3 kB         358 kB
â”œ Æ’ /erp/pre-invoices/new                                                  195 B         341 kB
â”œ Æ’ /erp/prefacturas                                                     1.02 kB         104 kB
â”œ Æ’ /erp/prefacturas/[id]/edit                                           1.02 kB         104 kB
â”œ Æ’ /erp/prefacturas/new                                                 1.02 kB         104 kB
â”œ Æ’ /erp/pricing                                                         1.02 kB         104 kB
â”œ Æ’ /erp/produccion                                                      1.02 kB         104 kB
â”œ Æ’ /erp/produccion/aprobacion-inicial                                   1.02 kB         104 kB
â”œ Æ’ /erp/produccion/bloquear                                             1.02 kB         104 kB
â”œ Æ’ /erp/produccion/garantias                                            1.02 kB         104 kB
â”œ Æ’ /erp/produccion/historial                                            1.02 kB         104 kB
â”œ Æ’ /erp/produccion/modificar                                            1.02 kB         104 kB
â”œ Æ’ /erp/produccion/programacion                                         1.02 kB         104 kB
â”œ Æ’ /erp/programacion                                                      190 B         340 kB
â”œ Æ’ /erp/programacion/actualizacion                                        190 B         340 kB
â”œ Æ’ /erp/programacion/actualizacion/bodega                                 190 B         340 kB
â”œ Æ’ /erp/programacion/actualizacion/compras                                190 B         340 kB
â”œ Æ’ /erp/programacion/bodega                                               190 B         340 kB
â”œ Æ’ /erp/programacion/compras                                              190 B         340 kB
â”œ Æ’ /erp/purchase-orders                                                  7.5 kB         371 kB
â”œ Æ’ /erp/purchase-orders/[id]/edit                                         175 B         309 kB
â”œ Æ’ /erp/purchase-orders/coordination                                    4.13 kB         310 kB
â”œ Æ’ /erp/purchase-orders/new                                               175 B         309 kB
â”œ Æ’ /erp/purchase-orders/requirements                                    4.32 kB         283 kB
â”œ Æ’ /erp/quotations                                                      4.43 kB         356 kB
â”œ Æ’ /erp/quotations/[id]                                                   195 B         341 kB
â”œ Æ’ /erp/quotations/new                                                    195 B         341 kB
â”œ Æ’ /erp/register                                                        3.16 kB         348 kB
â”œ Æ’ /erp/role-permissions                                                1.02 kB         104 kB
â”œ Æ’ /erp/roles                                                           1.02 kB         104 kB
â”œ Æ’ /erp/shipments                                                       1.02 kB         104 kB
â”œ Æ’ /erp/status-history                                                  5.59 kB         261 kB
â”œ Æ’ /erp/suppliers                                                         252 B         431 kB
â”œ Æ’ /erp/unauthorized                                                      549 B         179 kB
â”œ Æ’ /erp/under-construction                                                174 B         106 kB
â”œ Æ’ /hcm                                                                  8.1 kB         368 kB
â”œ Æ’ /hcm-legacy-retired                                                    174 B         106 kB
â”œ Æ’ /hcm/bonuses                                                           169 B         270 kB
â”œ Æ’ /hcm/commissions                                                       169 B         270 kB
â”œ Æ’ /hcm/leaves-and-absences                                             7.73 kB         363 kB
â”œ Æ’ /hcm/non-compliance                                                    169 B         270 kB
â”œ Æ’ /hcm/overtime                                                          168 B         270 kB
â”œ Æ’ /hcm/payroll-provisions                                              7.08 kB         497 kB
â”œ Æ’ /hcm/per-diem                                                          169 B         270 kB
â”œ Æ’ /hcm/settlement                                                        169 B         270 kB
â”œ Æ’ /hcm/social-security-pila                                            5.23 kB         495 kB
â”œ Æ’ /hcm/vacations                                                         169 B         270 kB
â”œ Æ’ /home                                                                  188 B         312 kB
â”œ Æ’ /hr/permisos-ausencias                                               8.58 kB         364 kB
â”œ Æ’ /hr/pila                                                             5.22 kB         495 kB
â”œ Æ’ /hr/provisiones-nomina                                               7.12 kB         497 kB
â”œ Æ’ /juridica                                                            6.23 kB         242 kB
â”œ Æ’ /login                                                               13.1 kB         303 kB
â”œ â—‹ /mes                                                                 41.2 kB         625 kB
â”œ Æ’ /mes/designs/[orderItemId]                                           2.37 kB         192 kB
â”œ â—‹ /portal/hcm                                                            238 B         340 kB
â”œ â—‹ /portal/hr                                                             238 B         340 kB
â”” â—‹ /portal/pedidos                                                      4.01 kB         263 kB
+ First Load JS shared by all                                             103 kB
  â”œ chunks/31255-04cdbbc20f781cff.js                                     45.6 kB
  â”œ chunks/4bd1b696-bad92808725a934a.js                                  54.2 kB
  â”” other shared chunks (total)                                          2.65 kB


Æ’ Middleware                                                             46.5 kB

â—‹  (Static)   prerendered as static content
â—  (SSG)      prerendered as static HTML (uses generateStaticParams)
Æ’  (Dynamic)  server-rendered on demand

